---
source: src/view/tracer/render.rs
expression: snap(&state)
---
"┏ Lineage ━━━━━━━━━━━━━━━━━━━━━━━━━━━━━━━━━━━━━━━━━━━━━━━━━━━━━━━━━━━━━━━━━━━━━━━━━━━━━━━━━━━━━━━━━━━━━━━━━━━━━━━━━━━━━┓"
"┃  Apr 12 10:30:45.123  RECEIVE              LogAttribute                                                              ┃"
"┃> Apr 12 10:30:45.123  CONTENT_MODIFIED     LogAttribute                                                              ┃"
"┃  Apr 12 10:30:45.123  SEND                 LogAttribute         ← fail                                               ┃"
"┃                                                                                                                      ┃"
"┃                                                                                                                      ┃"
"┃                                                                                                                      ┃"
"┃                                                                                                                      ┃"
"┃                                                                                                                      ┃"
"┃                                                                                                                      ┃"
"┃                                                                                                                      ┃"
"┃                                                                                                                      ┃"
"┃                                                                                                                      ┃"
"┗━━━━━━━━━━━━━━━━━━━━━━━━━━━━━━━━━━━━━━━━━━━━━━━━━━━━━━━━━━━━━━━━━━━━━━━━━━━━━━━━━━━━━━━━━━━━━━━━━━━━━━━━━━━━━━━━━━━━━━┛"
"┌ Detail ──────────────────────────────────────────────────────────────────────────────────────────────────────────────┐"
"│                                                                                                                      │"
"│                                                                                                                      │"
"│                                                                                                                      │"
"│                                                                                                                      │"
"│                                                                                                                      │"
"│                                                                                                                      │"
"│                                                 Loading event detail…                                                │"
"│                                                                                                                      │"
"│                                                                                                                      │"
"│                                                                                                                      │"
"│                                                                                                                      │"
"│                                                                                                                      │"
"│                                                                                                                      │"
"│                                                                                                                      │"
"└──────────────────────────────────────────────────────────────────────────────────────────────────────────────────────┘"
