---
source: src/view/tracer/render.rs
expression: snap(&state)
---
"┏ Lineage ━━━━━━━━━━━━━━━━━━━━━━━━━━━━━━━━━━━━━━━━━━━━━━━━━━━━━━━━━━━━━━━━━━━━━━━━━━━━━━━━━━━━━━━━━━━━━━━━━━━━━━━━━━━━━┓"
"┃  Apr 12 10:30:45.123  RECEIVE           LogAttribute            pg-root-aaaa-bbbb                                    ┃"
"┃> Apr 12 10:30:45.123  CONTENT_MODIFIED  LogAttribute            pg-root-aaaa-bbbb                                    ┃"
"┃  Apr 12 10:30:45.123  SEND              LogAttribute            pg-root-aaaa-bbbb           ← fail                   ┃"
"┃                                                                                                                      ┃"
"┃                                                                                                                      ┃"
"┃                                                                                                                      ┃"
"┃                                                                                                                      ┃"
"┃                                                                                                                      ┃"
"┃                                                                                                                      ┃"
"┃                                                                                                                      ┃"
"┃                                                                                                                      ┃"
"┃                                                                                                                      ┃"
"┗━━━━━━━━━━━━━━━━━━━━━━━━━━━━━━━━━━━━━━━━━━━━━━━━━━━━━━━━━━━━━━━━━━━━━━━━━━━━━━━━━━━━━━━━━━━━━━━━━━━━━━━━━━━━━━━━━━━━━━┛"
"┌ Detail ──────────────────────────────────────────────────────────────────────────────────────────────────────────────┐"
"│                                                                                                                      │"
"│                                                                                                                      │"
"│                                                                                                                      │"
"│                                                                                                                      │"
"│                                                                                                                      │"
"│                                                                                                                      │"
"│                                                 Loading event detail…                                                │"
"│                                                                                                                      │"
"│                                                                                                                      │"
"│                                                                                                                      │"
"│                                                                                                                      │"
"│                                                                                                                      │"
"│                                                                                                                      │"
"│                                                                                                                      │"
"└──────────────────────────────────────────────────────────────────────────────────────────────────────────────────────┘"
