---
source: src/view/tracer/render.rs
expression: snap(&state)
---
"┌ Lineage ─────────────────────────────────────────────────────────────────────────────────────────────────────────────┐"
"│  Apr 12 10:30:45.123  RECEIVE              LogAttribute                                                              │"
"│> Apr 12 10:30:45.123  CONTENT_MODIFIED     LogAttribute                                                              │"
"│  Apr 12 10:30:45.123  SEND                 LogAttribute         ← fail                                               │"
"│                                                                                                                      │"
"│                                                                                                                      │"
"│                                                                                                                      │"
"│                                                                                                                      │"
"│                                                                                                                      │"
"│                                                                                                                      │"
"│                                                                                                                      │"
"│                                                                                                                      │"
"│                                                                                                                      │"
"└──────────────────────────────────────────────────────────────────────────────────────────────────────────────────────┘"
"┌ Detail ──────────────────────────────────────────────────────────────────────────────────────────────────────────────┐"
"│Event #2 — LogAttribute  (CONTENT_MODIFIED · )                                                                        │"
"│Attributes | Input | Output                                                                                           │"
"│┏ Content · output · 38 B ━━━━━━━━━━━━━━━━━━━━━━━━━━━━━━━━━━━━━━━━━━━━━━━━━━━━━━━━━━━━━━━━━━━━━━━━━━━━━━━━━━━━━━ 1/5 ┓│"
"│┃id : Int64                                                                                                          ┃│"
"│┃name : Utf8                                                                                                         ┃│"
"│┃-- schema --                                                                                                        ┃│"
"│┃{"id":0,"name":"a"}                                                                                                 ┃│"
"│┃{"id":1,"name":"b"}                                                                                                 ┃│"
"│┃                                                                                                                    ┃│"
"│┃                                                                                                                    ┃│"
"│┃                                                                                                                    ┃│"
"│┃                                                                                                                    ┃│"
"│┃                                                                                                                    ┃│"
"│┗━━━━━━━━━━━━━━━━━━━━━━━━━━━━━━━━━━━━━━━━━━━━━━━━━━━━━━━━━━━━━━━━━━━━━━━━━━━━━━━━━━━━━━━━━━━━━━━━━━━━━━━━━━━━━━━━━━━━┛│"
"└──────────────────────────────────────────────────────────────────────────────────────────────────────────────────────┘"
