---
source: src/view/tracer/modal.rs
expression: terminal.backend().buffer()
---
Buffer {
    area: Rect { x: 0, y: 0, width: 100, height: 20 },
    content: [
        "┏ Content · UpdateAttribute-enrich · event 8471293 · DROP ━━━━━━━━━━━━━━━━━━━━━━━━━━━━━━━━━━━━━━━━━┓",
        "┃at    2026-04-22T13:42:18.231   pg healthy-pipeline/enrich                                        ┃",
        "┃sizes in 2.3 KiB → out 2.7 KiB  (+400 B)  ·  2 changes                                            ┃",
        "┃mime  in application/json · out application/json  ✓ diffable                                      ┃",
        "┃                                                                                                  ┃",
        "┃   Input     Output     Diff                                                                      ┃",
        "┃                                                                                                  ┃",
        "┃     │      │ @@ input L3 · output L3 @@                                                          ┃",
        "┃     │    3 │ + "total":329.99,                                                                   ┃",
        "┃     │    4 │ + "tax":30.99                                                                       ┃",
        "┃                                                                                                  ┃",
        "┃                                                                                                  ┃",
        "┃                                                                                                  ┃",
        "┃                                                                                                  ┃",
        "┃                                                                                                  ┃",
        "┃                                                                                                  ┃",
        "┃                                                                                                  ┃",
        "┃                                                                                                  ┃",
        "┃[Tab] switch · [/] find · [Ctrl+↓] change · [c] copy · [s] save · [Esc] close                     ┃",
        "┗━━━━━━━━━━━━━━━━━━━━━━━━━━━━━━━━━━━━━━━━━━━━━━━━━━━━━━━━━━━━━━━━━━━━━━━━━━━━━━━━━━━━━━━━━━━━━━━━━━┛",
    ],
    styles: [
        x: 0, y: 0, fg: Reset, bg: Reset, underline: Reset, modifier: NONE,
        x: 1, y: 1, fg: DarkGray, bg: Reset, underline: Reset, modifier: NONE,
        x: 59, y: 1, fg: Reset, bg: Reset, underline: Reset, modifier: NONE,
        x: 1, y: 2, fg: DarkGray, bg: Reset, underline: Reset, modifier: NONE,
        x: 55, y: 2, fg: Reset, bg: Reset, underline: Reset, modifier: NONE,
        x: 1, y: 3, fg: DarkGray, bg: Reset, underline: Reset, modifier: NONE,
        x: 61, y: 3, fg: Reset, bg: Reset, underline: Reset, modifier: NONE,
        x: 3, y: 5, fg: Reset, bg: Reset, underline: Reset, modifier: BOLD,
        x: 10, y: 5, fg: Reset, bg: Reset, underline: Reset, modifier: NONE,
        x: 13, y: 5, fg: Reset, bg: Reset, underline: Reset, modifier: BOLD,
        x: 21, y: 5, fg: Reset, bg: Reset, underline: Reset, modifier: NONE,
        x: 24, y: 5, fg: Cyan, bg: Reset, underline: Reset, modifier: BOLD,
        x: 30, y: 5, fg: Reset, bg: Reset, underline: Reset, modifier: NONE,
        x: 1, y: 7, fg: DarkGray, bg: Reset, underline: Reset, modifier: NONE,
        x: 15, y: 7, fg: Magenta, bg: Reset, underline: Reset, modifier: DIM,
        x: 41, y: 7, fg: Reset, bg: Reset, underline: Reset, modifier: NONE,
        x: 1, y: 8, fg: DarkGray, bg: Reset, underline: Reset, modifier: NONE,
        x: 15, y: 8, fg: Green, bg: Reset, underline: Reset, modifier: NONE,
        x: 32, y: 8, fg: Reset, bg: Reset, underline: Reset, modifier: NONE,
        x: 1, y: 9, fg: DarkGray, bg: Reset, underline: Reset, modifier: NONE,
        x: 15, y: 9, fg: Green, bg: Reset, underline: Reset, modifier: NONE,
        x: 28, y: 9, fg: Reset, bg: Reset, underline: Reset, modifier: NONE,
        x: 1, y: 18, fg: DarkGray, bg: Reset, underline: Reset, modifier: NONE,
        x: 78, y: 18, fg: Reset, bg: Reset, underline: Reset, modifier: NONE,
    ]
}
