---
source: src/view/tracer/render.rs
expression: snap(&state)
---
"┌ Tracer ──────────────────────────────────────────────────────────────────────────────────────────────────────────────┐"
"│                                                                                                                      │"
"│                                                                                                                      │"
"│                                                                                                                      │"
"│                                                                                                                      │"
"│                                                                                                                      │"
"│                                                                                                                      │"
"│                                                                                                                      │"
"│                                                                                                                      │"
"│                                                                                                                      │"
"│                                                                                                                      │"
"│                                                                                                                      │"
"│                                                                                                                      │"
"│                                      Paste a flowfile UUID to trace its lineage                                      │"
"│                                                                                                                      │"
"│                                                        UUID: _                                                       │"
"│                                                                                                                      │"
"│                                           Enter submit · Esc clear · ? help                                          │"
"│                                                                                                                      │"
"│                                                                                                                      │"
"│                                                                                                                      │"
"│                                                                                                                      │"
"│                                                                                                                      │"
"│                                                                                                                      │"
"│                                                                                                                      │"
"│                                                                                                                      │"
"│                                                                                                                      │"
"│                                                                                                                      │"
"│                                                                                                                      │"
"└──────────────────────────────────────────────────────────────────────────────────────────────────────────────────────┘"
