---
source: src/view/tracer/render.rs
expression: snap(&state)
---
"┌ Tracer — Latest Events ──────────────────────────────────────────────────────────────────────────────────────────────┐"
"│Component: abc-component-id-123                                                                                       │"
"│                                                                                                                      │"
"│                                                                                                                      │"
"│                                                                                                                      │"
"│                                                                                                                      │"
"│                                                                                                                      │"
"│                                                                                                                      │"
"│                                                                                                                      │"
"│                                                                                                                      │"
"│                                                                                                                      │"
"│                                                                                                                      │"
"│                                                                                                                      │"
"│                                                                                                                      │"
"│                                           loading latest provenance events…                                          │"
"│                                                                                                                      │"
"│                                                                                                                      │"
"│                                                                                                                      │"
"│                                                                                                                      │"
"│                                                                                                                      │"
"│                                                                                                                      │"
"│                                                                                                                      │"
"│                                                                                                                      │"
"│                                                                                                                      │"
"│                                                                                                                      │"
"│                                                                                                                      │"
"│                                                                                                                      │"
"│                                                                                                                      │"
"│Enter trace flowfile · Esc back · r refresh · c copy uuid · ? help                                                    │"
"└──────────────────────────────────────────────────────────────────────────────────────────────────────────────────────┘"
