---
source: src/view/browser/render/pg.rs
expression: "format!(\"{}\", terminal.backend())"
---
"Process Group — ingest                                                                              "
"ID: ingest   Parent: root                                                                           "
"Running: 3 · Stopped: 1 · Invalid: 0 · Disabled: 0 · Active threads: 1                              "
"Flow files queued: 4 · Bytes queued: 4 / 2 KB                                                       "
"                                                                                                    "
"Controller services (2)                                                                             "
"  ENABLED  http-pool   StandardRestrictedSSLContextService                                          "
"  DISABLED  kafka-brokers   Kafka3ConnectionService                                                 "
"                                                                                                    "
"Recent bulletins (0 in this PG)                                                                     "
"                                                                                                    "
"                                                                                                    "
"                                                                                                    "
"                                                                                                    "
"                                                                                                    "
"                                                                                                    "
"                                                                                                    "
"                                                                                                    "
"                                                                                                    "
"                                                                                                    "
