---
source: src/view/browser/render/processor.rs
expression: "format!(\"{}\", term.backend())"
---
"┌ EnrichAttribute · processor · RUNNING ───────────────────────────────────────────────────────────────────────────────┐"
"│┌ Identity ──────────────────────────────────────────────────────────────────────────────────────────────────────────┐│"
"││type   org.apache.nifi.processors.attributes.EnrichAttrib…loading…                                                  ││"
"││bundle org.apache.nifi:nifi-standard-nar:2.8.0                                                                      ││"
"││                                                                                                                    ││"
"│└────────────────────────────────────────────────────────────────────────────────────────────────────────────────────┘│"
"│┌ Properties ───────────────────────────────────────────────────────────────────────────────────────────────────── 0 ┐│"
"││KEY                            VALUE                                                                                ││"
"││                                                                                                                    ││"
"││                                                                                                                    ││"
"││                                                                                                                    ││"
"││                                                                                                                    ││"
"││                                                                                                                    ││"
"││                                                                                                                    ││"
"││                                                                                                                    ││"
"││                                                                                                                    ││"
"│└────────────────────────────────────────────────────────────────────────────────────────────────────────────────────┘│"
"│┏ Connections ━━━━━━━━━━━━━━━━━━━━━━━━━━━━━━━━━━━━━━━━━━━━━━━━━━━━━━━━━━━━━━━━━━━━━━━━━━━━━━━━━━━━━━━━━━━━━━━━━━━━ 2 ┓│"
"│┃DIR  NAME                                            QUEUED           TARGET                                        ┃│"
"│┃IN   gen→enrich                                      12 / 1KB         GenerateFlowFile                              ┃│"
"│┃OUT  enrich→publish                                  0                PublishKafka                                  ┃│"
"│┃                                                                                                                    ┃│"
"│┗━━━━━━━━━━━━━━━━━━━━━━━━━━━━━━━━━━━━━━━━━━━━━━━━━━━━━━━━━━━━━━━━━━━━━━━━━━━━━━━━━━━━━━━━━━━━━━━━━━━━━━━━━━━━━━━━━━━━┛│"
"│┌ Recent bulletins ─────────────────────────────────────────────────────────────────────────────────────────────── 0 ┐│"
"││                                                                                                                    ││"
"││                                                                                                                    ││"
"││                                                                                                                    ││"
"││                                                                                                                    ││"
"│└────────────────────────────────────────────────────────────────────────────────────────────────────────────────────┘│"
"└──────────────────────────────────────────────────────────────────────────────────────────────────────────────────────┘"
