---
source: src/view/browser/render/rpg.rs
expression: out
---
"┌ MyRemoteSink · remote process group · Not Transmitting ──────────────────────────────────────────────────────────────┐"
"│┌ Identity ──────────────────────────────────────────────────────────────────────────────────────────────────────────┐│"
"││name                MyRemoteSink                 loading…                                                           ││"
"││parent group        pg-1                                                                                            ││"
"││target uri          https://nifi-east:8443/nifi                                                                     ││"
"││target secure       yes                                                                                             ││"
"││transport protocol  HTTP                                                                                            ││"
"││transmission        Not Transmitting                                                                                ││"
"││validation          INVALID                                                                                         ││"
"││                                                                                                                    ││"
"│└────────────────────────────────────────────────────────────────────────────────────────────────────────────────────┘│"
"│┌ Validation errors ────────────────────────────────────────────────────────────────────────────────────────────── 2 ┐│"
"││Target URI is not reachable                                                                                         ││"
"││Authentication failed                                                                                               ││"
"│└────────────────────────────────────────────────────────────────────────────────────────────────────────────────────┘│"
"│┌ Input ports ──────────────────────────────────────────────────────────────────────────────────────────────────── 0 ┐│"
"││(no input ports)                                                                                                    ││"
"││                                                                                                                    ││"
"││                                                                                                                    ││"
"││                                                                                                                    ││"
"││                                                                                                                    ││"
"│└────────────────────────────────────────────────────────────────────────────────────────────────────────────────────┘│"
"│┌ Output ports ─────────────────────────────────────────────────────────────────────────────────────────────────── 0 ┐│"
"││(no output ports)                                                                                                   ││"
"││                                                                                                                    ││"
"││                                                                                                                    ││"
"││                                                                                                                    ││"
"││                                                                                                                    ││"
"│└────────────────────────────────────────────────────────────────────────────────────────────────────────────────────┘│"
"└──────────────────────────────────────────────────────────────────────────────────────────────────────────────────────┘"
