---
source: src/view/browser/render/version_control_modal.rs
expression: "format!(\"{}\", term.backend())"
---
"┌ ingest · version control ────────────────────────────────────────────────────────────────────────┐"
"│┌ Identity ──────────────────────────────────────────────────────────────────────────────────────┐│"
"││registry  ops-registry / bucket=ops / branch=main                                               ││"
"││flow      diff-pipeline · flow_id=4f3a… · v3                                                    ││"
"││state     STALE                                                                                 ││"
"││why       Local changes have been made and a newer version exists                               ││"
"│└────────────────────────────────────────────────────────────────────────────────────────────────┘│"
"│                                             loading…                                             │"
"│                                                                                                  │"
"│                                                                                                  │"
"│                                                                                                  │"
"│                                                                                                  │"
"│                                                                                                  │"
"│                                                                                                  │"
"│                                                                                                  │"
"│                                                                                                  │"
"│                                                                                                  │"
"│                                                                                                  │"
"│                                                                                                  │"
"│                                                                                                  │"
"│                                                                                                  │"
"│/ Record_                                                                                         │"
"│[Esc] close · [/] find · [n] match · [c] copy · [e] env · [r] refresh                             │"
"└──────────────────────────────────────────────────────────────────────────────────────────────────┘"
