---
source: src/view/browser/render/action_history_modal.rs
expression: "format!(\"{}\", term.backend())"
---
"┌ Action history · FetchKafka (showing 0 of 0) ────────────────────────────────────────────────────┐"
"│  age      user             op              type             source                               │"
"│ no actions recorded for this component                                                           │"
"│                                                                                                  │"
"│                                                                                                  │"
"│                                                                                                  │"
"│                                                                                                  │"
"│                                                                                                  │"
"│                                                                                                  │"
"│                                                                                                  │"
"│                                                                                                  │"
"│                                                                                                  │"
"│                                                                                                  │"
"│                                                                                                  │"
"│                                                                                                  │"
"│                                                                                                  │"
"│                                                                                                  │"
"│                                                                                                  │"
"│[Esc] close · [Enter] expand · [/] find · [c] copy · [r] refresh                                  │"
"└──────────────────────────────────────────────────────────────────────────────────────────────────┘"
