---
source: src/view/browser/render/version_control_modal.rs
expression: "format!(\"{}\", term.backend())"
---
"┌ ingest · version control ────────────────────────────────────────────────────────────────────────┐"
"│┌ Identity ──────────────────────────────────────────────────────────────────────────────────────┐│"
"││registry  ops-registry / bucket=ops / branch=main                                               ││"
"││flow      diff-pipeline · flow_id=4f3a… · v3                                                    ││"
"││state     STALE+MOD                                                                             ││"
"││why       Local changes have been made and a newer version exists                               ││"
"│└────────────────────────────────────────────────────────────────────────────────────────────────┘│"
"│─ Processor · UpdateRecord-enrich · 4f3a… ─                                                       │"
"│PROPERTY_CHANGED   "Record Reader"  'csv-reader' → 'json-reader'                                  │"
"│                                                                                                  │"
"│─ Connection · csv→log · 71b2… ─                                                                  │"
"│COMPONENT_REMOVED  selected relationship 'retry'                                                  │"
"│                                                                                                  │"
"│                                                                                                  │"
"│                                                                                                  │"
"│                                                                                                  │"
"│                                                                                                  │"
"│                                                                                                  │"
"│                                                                                                  │"
"│                                                                                                  │"
"│                                                                                                  │"
"│                                                                                                  │"
"│                                                                                                  │"
"│                                                                                                  │"
"│                                                                                                  │"
"│2 differences across 2 components · env hidden                                                    │"
"│[Esc] close · [/] find · [n] match · [c] copy · [e] env · [r] refresh                             │"
"└──────────────────────────────────────────────────────────────────────────────────────────────────┘"
