---
source: src/view/browser/render/connection.rs
expression: out
---
"┌ enrich → publish · connection ───────────────────────────────────────────────────────────────────────────────────────┐"
"│┌ Endpoints ─────────────────────────────────────────────────────────────────────────────────────────────────────────┐│"
"││Fill ██████████████████████░░░░░░░░░░░░░░░░░░  55% (5500 fin    ▁▁▁▂▂▂▃▃▃▄▄▅▅▅▆▆▆▇▇█▁▁▁▂▂▂▃▃▃▄▄▅▅▅▆▆▆▇▇█ peak 76    ││"
"││DIR   KIND         NAME                                   out   ▁▁▁▁▂▂▂▃▃▃▄▄▄▄▅▅▅▆▆▆▇▇▇█▁▁▁▂▂▂▃▃▃▃▄▄▄▅▅▅ peak 69    ││"
"││FROM  PROCESSOR    EnrichAttribute  →                     queue ▁▂▃▄▅▆▇▁▂▃▄▅▆█▁▂▃▅▆▇▁▂▃▄▅▆▇▁▂▃▄▅▆█▁▂▃▅▆▇ peak 38    ││"
"││TO    PROCESSOR    PublishKafka  →                                                                                  ││"
"││Relations: success                                                                                                  ││"
"││                                                                                                                    ││"
"│└────────────────────────────────────────────────────────────────────────────────────────────────────────────────────┘│"
"│┌ Back-pressure ─────────────────────────────────────────────────────────────────────────────────────────────────────┐│"
"││count    10000                                                                                                      ││"
"││size     1 GB                                                                                                       ││"
"││expire   0 sec                                                                                                      ││"
"││load-bal DO_NOT_LOAD_BALANCE                                                                                        ││"
"││                                                                                                                    ││"
"││                                                                                                                    ││"
"││                                                                                                                    ││"
"││                                                                                                                    ││"
"││                                                                                                                    ││"
"││                                                                                                                    ││"
"││                                                                                                                    ││"
"││                                                                                                                    ││"
"││                                                                                                                    ││"
"││                                                                                                                    ││"
"││                                                                                                                    ││"
"││                                                                                                                    ││"
"││                                                                                                                    ││"
"││                                                                                                                    ││"
"│└────────────────────────────────────────────────────────────────────────────────────────────────────────────────────┘│"
"└──────────────────────────────────────────────────────────────────────────────────────────────────────────────────────┘"
