---
source: src/view/browser/render/mod.rs
expression: render_to_string(&s)
---
"┌ Browser — last <DUR> ago ───────────────────────────────────────────────────────────────────────────────────────────────┐"
"│▾  root  ● 5 ○ 1 ⚠ 0 ⌀ 0           Process Group — root                                                               │"
"│    ● GenerateFlowFile                                                                                                │"
"│    → gen→upd  34% 12/12 / 1KB     loading…                                                                           │"
"│                                                                                                                      │"
"│                                                                                                                      │"
"│                                                                                                                      │"
"│                                                                                                                      │"
"│                                                                                                                      │"
"│                                                                                                                      │"
"│                                                                                                                      │"
"│                                                                                                                      │"
"│                                                                                                                      │"
"│                                                                                                                      │"
"│                                                                                                                      │"
"│                                                                                                                      │"
"│                                                                                                                      │"
"│                                                                                                                      │"
"│                                                                                                                      │"
"│                                                                                                                      │"
"│                                                                                                                      │"
"│                                                                                                                      │"
"│                                                                                                                      │"
"│                                                                                                                      │"
"│                                                                                                                      │"
"│                                                                                                                      │"
"│                                                                                                                      │"
"│                                                                                                                      │"
"│                                                                                                                      │"
"└──────────────────────────────────────────────────────────────────────────────────────────────────────────────────────┘"
