---
source: src/view/browser/render/connection.rs
expression: out
---
"┌ enrich → publish · connection ───────────────────────────────────────────────────────────────────────────────────────┐"
"│┌ Endpoints ─────────────────────────────────────────────────────────────────────────────────────────────────────────┐│"
"││Fill ██████████████████████░░░░░░░░░░░░░░░░░░  55% (5500 ff / 5,500 / 50 MB)            no history yet              ││"
"││DIR   KIND         NAME                                                                                             ││"
"││FROM  PROCESSOR    EnrichAttribute  →                                                                               ││"
"││TO    PROCESSOR    PublishKafka  →                                                                                  ││"
"││Relations: success                                                                                                  ││"
"││                                                                                                                    ││"
"│└────────────────────────────────────────────────────────────────────────────────────────────────────────────────────┘│"
"│┌ Back-pressure ─────────────────────────────────────────────────────────────────────────────────────────────────────┐│"
"││count    10000                                                                                                      ││"
"││size     1 GB                                                                                                       ││"
"││expire   0 sec                                                                                                      ││"
"││load-bal DO_NOT_LOAD_BALANCE                                                                                        ││"
"││                                                                                                                    ││"
"│└────────────────────────────────────────────────────────────────────────────────────────────────────────────────────┘│"
"│                                                                                                                      │"
"│                                                                                                                      │"
"│                                                                                                                      │"
"│                                                                                                                      │"
"│                                                                                                                      │"
"│                                                                                                                      │"
"│                                                                                                                      │"
"│                                                                                                                      │"
"│                                                                                                                      │"
"│                                                                                                                      │"
"│                                                                                                                      │"
"│                                                                                                                      │"
"│                                                                                                                      │"
"└──────────────────────────────────────────────────────────────────────────────────────────────────────────────────────┘"
