---
source: src/view/browser/render/identity_modal.rs
expression: "format!(\"{}\", term.backend())"
---
"┌ Identity · alice@corp ───────────────────────────────────────────────────────────────────────────┐"
"│user · 1 group memberships · 5 grants                                                             │"
"│                                                                                                  │"
"│▸ Process groups                                                                                  │"
"│  /process-groups/orders                                                                          │"
"│  /process-groups/orders                                                                          │"
"│                                                                                                  │"
"│▸ Processors                                                                                      │"
"│  /processors/EnrichOrders                                                                        │"
"│                                                                                                  │"
"│▸ Controller services                                                                             │"
"│  /controller-services/SslContext                                                                 │"
"│                                                                                                  │"
"│▸ Global resources                                                                                │"
"│  /flow                                                                                           │"
"│                                                                                                  │"
"│                                                                                                  │"
"│                                                                                                  │"
"│                                                                                                  │"
"│                                                                                                  │"
"│                                                                                                  │"
"└──────────────────────────────────────────────────────────────────────────────────────────────────┘"
