---
source: src/view/browser/render/port.rs
expression: "format!(\"{}\", term.backend())"
---
"┌ downstream · output port · STOPPED ──────────────────────────────────────────────────────────────┐"
"│┌ Identity ──────────────────────────────────────────────────────────────────────────────────────┐│"
"││kind            output                                                                          ││"
"││state           STOPPED                                                                         ││"
"││parent group    ingest                                                                          ││"
"││comments        —                                                                               ││"
"││concurrent tasks 1                                                                              ││"
"│└────────────────────────────────────────────────────────────────────────────────────────────────┘│"
"│┌ Recent bulletins ─────────────────────────────────────────────────────────────────────────── 0 ┐│"
"││TIME                   SEV  MESSAGE                                                             ││"
"││                                                                                                ││"
"││                                                                                                ││"
"││                                                                                                ││"
"││                                                                                                ││"
"││                                                                                                ││"
"││                                                                                                ││"
"││                                                                                                ││"
"││                                                                                                ││"
"│└────────────────────────────────────────────────────────────────────────────────────────────────┘│"
"└──────────────────────────────────────────────────────────────────────────────────────────────────┘"
