---
source: src/view/browser/render/mod.rs
expression: render_to_string(&s)
---
"┌ Browser — last <DUR> ago ───────────────────────────────────────────────────────────────────────────────────────────────┐"
"│▾  root                           │root                                                                               │"
"│    ● Generate                    │Process Group — root                                                               │"
"│  ▸ → Queues (1)                  │                                                                                   │"
"│  ▸ ⚙ Controller services (1)     │loading…                                                                           │"
"│                                  │                                                                                   │"
"│                                  │                                                                                   │"
"│                                  │                                                                                   │"
"│                                  │                                                                                   │"
"│                                  │                                                                                   │"
"│                                  │                                                                                   │"
"│                                  │                                                                                   │"
"│                                  │                                                                                   │"
"│                                  │                                                                                   │"
"│                                  │                                                                                   │"
"│                                  │                                                                                   │"
"│                                  │                                                                                   │"
"│                                  │                                                                                   │"
"│                                  │                                                                                   │"
"│                                  │                                                                                   │"
"│                                  │                                                                                   │"
"│                                  │                                                                                   │"
"│                                  │                                                                                   │"
"│                                  │                                                                                   │"
"│                                  │                                                                                   │"
"│                                  │                                                                                   │"
"│                                  │                                                                                   │"
"│                                  │                                                                                   │"
"│                                  │                                                                                   │"
"└──────────────────────────────────────────────────────────────────────────────────────────────────────────────────────┘"
