---
source: src/view/browser/render/connection.rs
expression: out
---
"┌ enrich → publish · conn┐"
"│┌ Endpoints ───────────┐│"
"││Fill █████░░░░░  55% (││"
"││DIR   KIND         NAM││"
"││FROM  PROCESSOR    Enr││"
"││TO    PROCESSOR    Pub││"
"││Relations: success    ││"
"││                      ││"
"│└──────────────────────┘│"
"│┌ Back-pressure ───────┐│"
"││count    10000        ││"
"││size     1 GB         ││"
"││expire   0 sec        ││"
"││load-bal DO_NOT_LOAD_B││"
"││                      ││"
"││                      ││"
"││                      ││"
"││                      ││"
"││                      ││"
"││                      ││"
"││                      ││"
"││                      ││"
"││                      ││"
"││                      ││"
"││                      ││"
"││                      ││"
"││                      ││"
"││                      ││"
"│└──────────────────────┘│"
"└────────────────────────┘"
