---
source: src/view/browser/render/connection.rs
expression: "format!(\"{}\", terminal.backend())"
---
"┌ enrich → publish · connection ───────────────────────────────────────────────────────────────────┐"
"│┌ Endpoints ─────────────────────────────────────────────────────────────────────────────────────┐│"
"││Fill ██████████████████████░░░░░░░░░░░░░░░░░░  55% (5500 ff / 5,50  loading…                    ││"
"││DIR   KIND         NAME                                                                         ││"
"││Relations: success                                                                              ││"
"│└────────────────────────────────────────────────────────────────────────────────────────────────┘│"
"│┌ Back-pressure ─────────────────────────────────────────────────────────────────────────────────┐│"
"││count    10000                                                                                  ││"
"││size     1 GB                                                                                   ││"
"││expire   0 sec                                                                                  ││"
"│└────────────────────────────────────────────────────────────────────────────────────────────────┘│"
"│                                                                                                  │"
"│                                                                                                  │"
"│                                                                                                  │"
"│                                                                                                  │"
"│                                                                                                  │"
"│                                                                                                  │"
"│                                                                                                  │"
"│                                                                                                  │"
"└──────────────────────────────────────────────────────────────────────────────────────────────────┘"
