---
source: src/view/browser/render/processor.rs
expression: "format!(\"{}\", term.backend())"
---
"┌ PutKafka · processor · RUNNING ──────────────────────────────────────────────────────────────────────────────────────┐"
"│┌ Identity ──────────────────────────────────────────────────────────────────────────────────────────────────────────┐│"
"││type   org.apache.nifi.processors.kafka.pubsub.PublishKaf…loading…                                                  ││"
"││bundle org.apache.nifi:nifi-kafka-2-6-nar:2.8.0                                                                     ││"
"││                                                                                                                    ││"
"│└────────────────────────────────────────────────────────────────────────────────────────────────────────────────────┘│"
"│┌ Properties ───────────────────────────────────────────────────────────────────────────────────────────────────── 2 ┐│"
"││KEY                            VALUE                                                                                ││"
"││Record Reader                  a1b2c3d4-e5f6-7890-abcd-ef1234567890                                                 ││"
"││Topic Name                     events.in                                                                            ││"
"││                                                                                                                    ││"
"││                                                                                                                    ││"
"││                                                                                                                    ││"
"││                                                                                                                    ││"
"││                                                                                                                    ││"
"││                                                                                                                    ││"
"│└────────────────────────────────────────────────────────────────────────────────────────────────────────────────────┘│"
"│┌ Connections ──────────────────────────────────────────────────────────────────────────────────────────────────── 0 ┐│"
"││DIR  NAME                                            QUEUED           TARGET                                        ││"
"││                                                                                                                    ││"
"││                                                                                                                    ││"
"││                                                                                                                    ││"
"│└────────────────────────────────────────────────────────────────────────────────────────────────────────────────────┘│"
"│┌ Recent bulletins ─────────────────────────────────────────────────────────────────────────────────────────────── 0 ┐│"
"││                                                                                                                    ││"
"││                                                                                                                    ││"
"││                                                                                                                    ││"
"││                                                                                                                    ││"
"│└────────────────────────────────────────────────────────────────────────────────────────────────────────────────────┘│"
"└──────────────────────────────────────────────────────────────────────────────────────────────────────────────────────┘"
