---
source: src/view/browser/render/pg.rs
assertion_line: 782
expression: out
---
"┌ ingest · process group ──────────────────────────────────────────────────────────────────────────┐"
"│┌ Identity ──────────────────────────────────────────────────────────────────────────────────────┐│"
"││Processors 1 running · 0 stopped · 0 invalid · 0 disabled  loading…                             ││"
"││Threads    1 active                                                                             ││"
"││Queued     0 ffiles · 0 / 0 B                                                                   ││"
"│└────────────────────────────────────────────────────────────────────────────────────────────────┘│"
"│┌ Parameter context ─────────────────────────────────────────────────────────────────────────────┐│"
"││ctx-prod  →                                                                                     ││"
"│└────────────────────────────────────────────────────────────────────────────────────────────────┘│"
"│┌ Controller services ──────────────────────────────────────────────────────────────────────── 0 ┐│"
"││STATE      NAME                     TYPE                                                        ││"
"││                                                                                                ││"
"││                                                                                                ││"
"│└────────────────────────────────────────────────────────────────────────────────────────────────┘│"
"│┌ Child groups ─────────────────────────────────────────────────────────────────────────────── 0 ┐│"
"││NAME                                                                      RUN    STOP   INVALID ││"
"││                                                                                                ││"
"│└────────────────────────────────────────────────────────────────────────────────────────────────┘│"
"│┌ Recent bulletins ─────────────────────────────────────────────────────────────────────────── 0 ┐│"
"││TIME     SEV  SOURCE               MESSAGE                                                      ││"
"││                                                                                                ││"
"││                                                                                                ││"
"│└────────────────────────────────────────────────────────────────────────────────────────────────┘│"
"└──────────────────────────────────────────────────────────────────────────────────────────────────┘"
