---
source: src/view/browser/render/rpg.rs
expression: out
---
"┌ MyRemoteSink · remote process group · Transmitting ──────────────────────────────────────────────────────────────────┐"
"│┌ Identity ──────────────────────────────────────────────────────────────────────────────────────────────────────────┐│"
"││name                MyRemoteSink                 loading…                                                           ││"
"││parent group        pg-1                                                                                            ││"
"││target uri          https://nifi-east:8443/nifi                                                                     ││"
"││target secure       yes                                                                                             ││"
"││transport protocol  HTTP                                                                                            ││"
"││transmission        Transmitting                                                                                    ││"
"││validation          VALID                                                                                           ││"
"││                                                                                                                    ││"
"│└────────────────────────────────────────────────────────────────────────────────────────────────────────────────────┘│"
"│┌ Input ports ──────────────────────────────────────────────────────────────────────────────────────────────────── 2 ┐│"
"││NAME                                     STATE    TASKS COMMENTS                                                    ││"
"││ingest                                   RUNNING  4                                                                 ││"
"││events                                   STOPPED  1                                                                 ││"
"││                                                                                                                    ││"
"││                                                                                                                    ││"
"││                                                                                                                    ││"
"││                                                                                                                    ││"
"│└────────────────────────────────────────────────────────────────────────────────────────────────────────────────────┘│"
"│┌ Output ports ─────────────────────────────────────────────────────────────────────────────────────────────────── 1 ┐│"
"││NAME                                     STATE    TASKS COMMENTS                                                    ││"
"││errors                                   MISSING  0     remote port deleted                                         ││"
"││                                                                                                                    ││"
"││                                                                                                                    ││"
"││                                                                                                                    ││"
"││                                                                                                                    ││"
"││                                                                                                                    ││"
"│└────────────────────────────────────────────────────────────────────────────────────────────────────────────────────┘│"
"└──────────────────────────────────────────────────────────────────────────────────────────────────────────────────────┘"
