---
source: src/view/browser/render/action_history_modal.rs
expression: "format!(\"{}\", term.backend())"
---
"┌ Action history · FetchKafka (loading…) ──────────────────────────────────────────────────────────┐"
"│  time              user             op              type             source                      │"
"│ loading…                                                                                         │"
"│                                                                                                  │"
"│                                                                                                  │"
"│                                                                                                  │"
"│                                                                                                  │"
"│                                                                                                  │"
"│                                                                                                  │"
"│                                                                                                  │"
"│                                                                                                  │"
"│                                                                                                  │"
"│                                                                                                  │"
"│                                                                                                  │"
"│                                                                                                  │"
"│                                                                                                  │"
"│                                                                                                  │"
"│                                                                                                  │"
"│[Esc] close · [Enter] expand · [/] find · [c] copy · [r] refresh                                  │"
"└──────────────────────────────────────────────────────────────────────────────────────────────────┘"
