---
source: src/view/browser/render/version_control_modal.rs
expression: "format!(\"{}\", term.backend())"
---
"           terminal too small           "
"                                        "
"                                        "
"                                        "
"                                        "
"                                        "
"                                        "
"                                        "
"                                        "
"                                        "
"                                        "
"                                        "
"                                        "
"                                        "
"                                        "
