---
source: src/view/browser/render/connection.rs
expression: "format!(\"{}\", terminal.backend())"
---
"┌ enrich → publish · connection ───────────────────────────────────────────────────────────────────┐"
"│┌ Endpoints ─────────────────────────────────────────────────────────────────────────────────────┐│"
"││Fill ███████████████████░░░░░░░░░░░░░░░░░  55% (loading…                                        ││"
"││DIR   KIND         NAME                                                                         ││"
"││FROM  PROCESSOR    EnrichAttribute  →                                                           ││"
"││TO    PROCESSOR    PublishKafka  →                                                              ││"
"││Relations: success                                                                              ││"
"││                                                                                                ││"
"│└────────────────────────────────────────────────────────────────────────────────────────────────┘│"
"│┌ Back-pressure ─────────────────────────────────────────────────────────────────────────────────┐│"
"││count    10000                                                                                  ││"
"││size     1 GB                                                                                   ││"
"││expire   0 sec                                                                                  ││"
"││load-bal DO_NOT_LOAD_BALANCE                                                                    ││"
"││                                                                                                ││"
"││                                                                                                ││"
"││                                                                                                ││"
"││                                                                                                ││"
"│└────────────────────────────────────────────────────────────────────────────────────────────────┘│"
"└──────────────────────────────────────────────────────────────────────────────────────────────────┘"
