---
source: src/view/browser/render/connection.rs
expression: "format!(\"{}\", terminal.backend())"
---
"┌ enrich → publish · connection ───────────────────────────────────────────────────────────────────┐"
"│Fill        ██████████████████████░░░░░░░░░░░░░░░░░░  55% (5500 ff / 5,500 / 50 MB)               │"
"│                                                                                                  │"
"│From        EnrichAttribute (PROCESSOR)                                                           │"
"│To          PublishKafka (PROCESSOR)                                                              │"
"│Relations   success                                                                               │"
"│                                                                                                  │"
"│Back-pressure                                                                                     │"
"│  count     10000                                                                                 │"
"│  size      1 GB                                                                                  │"
"│  expire    0 sec                                                                                 │"
"│  load-bal  DO_NOT_LOAD_BALANCE                                                                   │"
"│                                                                                                  │"
"│                                                                                                  │"
"│                                                                                                  │"
"│                                                                                                  │"
"│                                                                                                  │"
"│                                                                                                  │"
"│↑/↓ nav · c copy id                                                                               │"
"└──────────────────────────────────────────────────────────────────────────────────────────────────┘"
