---
source: src/view/events/render.rs
expression: render_to_string(&state)
---
"┌ Filters ─────────────────────────────────────────────────────────────────────────────────────────┐"
"│t time last 15m   T type (any)   s source (any)   u file uuid (any)   a attr (any)                │"
"│status ● running 45%   results 0 / cap 500   — t/T/s/u/a edit · Enter run · n new · r reset · L ra│"
"└──────────────────────────────────────────────────────────────────────────────────────────────────┘"
"┌ Events ────────────────────────────────────────────────────────────────────────────────────────  ┐"
"│                                                                                                  │"
"│                                                                                                  │"
"│                                                                                                  │"
"│                                        running query… 45%                                        │"
"│                                                                                                  │"
"│                                                                                                  │"
"│                                                                                                  │"
"│                                                                                                  │"
"└──────────────────────────────────────────────────────────────────────────────────────────────────┘"
"┌ Detail ──────────────────────────────────────────────────────────────────────────────────────────┐"
"│                                                                                                  │"
"│                                                                                                  │"
"│                                                                                                  │"
"│                                                                                                  │"
"│                                                                                                  │"
"│                                                                                                  │"
"│                                                                                                  │"
"│                                                                                                  │"
"└──────────────────────────────────────────────────────────────────────────────────────────────────┘"
