---
source: src/view/events/render.rs
expression: render_to_string(&state)
---
"┌ Filters ─────────────────────────────────────────────────────────────────────────────────────────┐"
"│D time last 15m   T type (any)   S source (any)   U uuid (any)   A attr (any)                     │"
"│status ○ idle   results 0 / cap 500   — D/T/S/U/A edit · Enter run · N new · R reset · L raise cap│"
"└──────────────────────────────────────────────────────────────────────────────────────────────────┘"
"┌ Events ────────────────────────────────────────────────────────────────────────────────────────  ┐"
"│                                                                                                  │"
"│                              Events — cluster-wide provenance search                             │"
"│                                                                                                  │"
"│                            Set filters above, then press Enter to run.                           │"
"│                                                                                                  │"
"│                                         Typical queries:                                         │"
"│                        t=last 15m  T=DROP,EXPIRE    → what dropped recently?                     │"
"│                   t=last 1h   s=UpdateRecord   → what has this processor touched?                │"
"└──────────────────────────────────────────────────────────────────────────────────────────────────┘"
"┌ Detail ──────────────────────────────────────────────────────────────────────────────────────────┐"
"│                                                                                                  │"
"│                                                                                                  │"
"│                                                                                                  │"
"│                                                                                                  │"
"│                                                                                                  │"
"│                                                                                                  │"
"│                                                                                                  │"
"│                                                                                                  │"
"└──────────────────────────────────────────────────────────────────────────────────────────────────┘"
