---
source: src/view/bulletins/render.rs
expression: render_to_string(&state)
---
"┌ Bulletins ────────────────────────────────────────────────────────────────────────────────────────────── last <DUR> ago ┐"
"│[E] [W] [I]   type: All   text: (none)                                                                                │"
"│— e/w/i toggle severity · T type · / text · c clear · p pause · ? help —                                              │"
"│time            sev   source               group                    message                                           │"
"│Apr 11 10:14:10 INFO  GenerateFlowFile     root                     1 file generated                                  │"
"│Apr 11 10:14:12 WARN  UpdateAttribute      root                     expression evaluated to empty string              │"
"│Apr 11 10:14:20 ERROR PutKafka             root                     NotLeaderForPartitionException: server is not the │"
"│Apr 11 10:14:21 INFO  AvroReader           root                     reader initialized                                │"
"│Apr 11 10:14:22 ERROR PutDatabaseRecord    root                     connection refused: database unreachable          │"
"│                                                                                                                      │"
"│                                                                                                                      │"
"│                                                                                                                      │"
"│                                                                                                                      │"
"│                                                                                                                      │"
"│                                                                                                                      │"
"│                                                                                                                      │"
"│                                                                                                                      │"
"│                                                                                                                      │"
"│                                                                                                                      │"
"│                                                                                                                      │"
"│                                                                                                                      │"
"│                                                                                                                      │"
"│                                                                                                                      │"
"│──────────────────────────────────────────────────────────────────────────────────────────────────────────────────────│"
"│ERROR    2026-04-11T10:14:22Z                                                                                         │"
"│Source: PutDatabaseRecord  ID: src-5                                                                                  │"
"│Group:  root                                                                                                          │"
"│                                                                                                                      │"
"│                                                                                                                      │"
"└──────────────────────────────────────────────────────────────────────────────────────────────────────────────────────┘"
