---
source: src/view/bulletins/render.rs
expression: render_to_string(&state)
---
"┌ Filters ─────────────────────────────────────────────────────────────────────────────────────────────────────────────┐"
"│[E 1] [W 0] [I 1]   type: All   text: io_                                                                             │"
"│Enter commit · Esc cancel                                                                                             │"
"└──────────────────────────────────────────────────────────────────────────────────────────────────────────────────────┘"
"┌ Bulletins ────────────────────────────────────────────────────────────────────────────────────────────── last <DUR> ago ┐"
"│time            sev   #    source               pg path                  message                                      │"
"│Apr 11 10:14:10 ERROR      PutKafka             …root                    IOException: timeout                         │"
"│                                                                                                                      │"
"│                                                                                                                      │"
"│                                                                                                                      │"
"│                                                                                                                      │"
"│                                                                                                                      │"
"│                                                                                                                      │"
"│                                                                                                                      │"
"│                                                                                                                      │"
"│                                                                                                                      │"
"│                                                                                                                      │"
"│                                                                                                                      │"
"│                                                                                                                      │"
"└──────────────────────────────────────────────────────────────────────────────────────────────────────────────────────┘"
"┌ Detail ──────────────────────────────────────────────────────────────────────────────────────────────────────────────┐"
"│PutKafka · …root   1 occurrence · first 10:14:10 · last 10:14:10                                                      │"
"│                                                                                                                      │"
"│ERROR   IOException: timeout                                                                                          │"
"│                                                                                                                      │"
"│id  src-1   pg  root                                                                                                  │"
"│Enter jump to Browser · ge events · m mute source · c clear filters                                                   │"
"│                                                                                                                      │"
"│                                                                                                                      │"
"└──────────────────────────────────────────────────────────────────────────────────────────────────────────────────────┘"
