---
source: src/view/bulletins/render.rs
expression: render_to_string(&state)
---
"┌ Bulletins ────────────────────────────────────────────────────────────────────────────────────────────── last <DUR> ago ┐"
"│[E] [W] [I]   type: All   text: (none)                                                                                │"
"│— e/w/i toggle severity · T type · / text · c clear · p pause · ? help —                                              │"
"│time            sev   source               group                    message                                           │"
"│Apr 11 10:14:20 ERROR C                    root                     error one                                         │"
"│Apr 11 10:14:22 ERROR D                    root                     error two                                         │"
"│                                                                                                                      │"
"│                                                                                                                      │"
"│                                                                                                                      │"
"│                                                                                                                      │"
"│                                                                                                                      │"
"│                                                                                                                      │"
"│                                                                                                                      │"
"│                                                                                                                      │"
"│                                                                                                                      │"
"│                                                                                                                      │"
"│                                                                                                                      │"
"│                                                                                                                      │"
"│                                                                                                                      │"
"│                                                                                                                      │"
"│                                                                                                                      │"
"│                                                                                                                      │"
"│                                                                                                                      │"
"│──────────────────────────────────────────────────────────────────────────────────────────────────────────────────────│"
"│ERROR    2026-04-11T10:14:22Z                                                                                         │"
"│Source: D  ID: src-4                                                                                                  │"
"│Group:  root                                                                                                          │"
"│                                                                                                                      │"
"│                                                                                                                      │"
"└──────────────────────────────────────────────────────────────────────────────────────────────────────────────────────┘"
