---
source: src/view/bulletins/render.rs
expression: render_to_string(&state)
---
"┌ Filters ─────────────────────────────────────────────────────────────────────────────────────────────────────────────┐"
"│[E 4] [W 0] [I 0]   type: All   text: (none)   +7 new                                                                 │"
"│— e/w/i severity · T type · / text · g group: source+msg · m mute · c clear · p pause —                               │"
"└──────────────────────────────────────────────────────────────────────────────────────────────────────────────────────┘"
"┌ Bulletins ────────────────────────────────────────────────────────────────────────────────────────────── last <DUR> ago ┐"
"│time            sev   #    source               pg path                  message                                      │"
"│Apr 11 10:14:10 ERROR      A                    …root                    one                                          │"
"│Apr 11 10:14:12 ERROR      B                    …root                    two                                          │"
"│Apr 11 10:14:14 ERROR      C                    …root                    three                                        │"
"│Apr 11 10:14:16 ERROR      D                    …root                    four                                         │"
"│                                                                                                                      │"
"│                                                                                                                      │"
"│                                                                                                                      │"
"│                                                                                                                      │"
"│                                                                                                                      │"
"│                                                                                                                      │"
"│                                                                                                                      │"
"│                                                                                                                      │"
"│                                                                                                                      │"
"└──────────────────────────────────────────────────────────────────────────────────────────────────────────────────────┘"
"┌ Detail ──────────────────────────────────────────────────────────────────────────────────────────────────────────────┐"
"│B · …root   1 occurrence · first 10:14:12 · last 10:14:12                                                             │"
"│                                                                                                                      │"
"│ERROR   two                                                                                                           │"
"│                                                                                                                      │"
"│id  src-2   pg  root                                                                                                  │"
"│t trace lineage · Enter jump to Browser · m mute source · c clear filters                                             │"
"│                                                                                                                      │"
"│                                                                                                                      │"
"└──────────────────────────────────────────────────────────────────────────────────────────────────────────────────────┘"
