---
source: src/view/bulletins/render.rs
expression: render_to_string(&state)
---
"┌ Bulletins ────────────────────────────────────────────────────────────────────────────────────────────── last <DUR> ago ┐"
"│[E] [W] [I]   type: All   text: (none)     +7 new                                                                     │"
"│— e/w/i toggle severity · T type · / text · c clear · p pause · ? help —                                              │"
"│time            sev   source               group                    message                                           │"
"│Apr 11 10:14:10 ERROR A                    root                     one                                               │"
"│Apr 11 10:14:12 ERROR B                    root                     two                                               │"
"│Apr 11 10:14:14 ERROR C                    root                     three                                             │"
"│Apr 11 10:14:16 ERROR D                    root                     four                                              │"
"│                                                                                                                      │"
"│                                                                                                                      │"
"│                                                                                                                      │"
"│                                                                                                                      │"
"│                                                                                                                      │"
"│                                                                                                                      │"
"│                                                                                                                      │"
"│                                                                                                                      │"
"│                                                                                                                      │"
"│                                                                                                                      │"
"│                                                                                                                      │"
"│                                                                                                                      │"
"│                                                                                                                      │"
"│                                                                                                                      │"
"│                                                                                                                      │"
"│──────────────────────────────────────────────────────────────────────────────────────────────────────────────────────│"
"│ERROR    2026-04-11T10:14:12Z                                                                                         │"
"│Source: B  ID: src-2                                                                                                  │"
"│Group:  root                                                                                                          │"
"│                                                                                                                      │"
"│                                                                                                                      │"
"└──────────────────────────────────────────────────────────────────────────────────────────────────────────────────────┘"
