---
source: src/view/bulletins/modal.rs
expression: terminal.backend().buffer()
---
Buffer {
    area: Rect { x: 0, y: 0, width: 60, height: 15 },
    content: [
        "┌ ERROR · S ───────────────────────────────────────────────┐",
        "│at 10:14:22                                               │",
        "│                                                          │",
        "│src-id  s   pg-id  g                                      │",
        "│connection refused                                        │",
        "│retry connection                                          │",
        "│connection closed                                         │",
        "│                                                          │",
        "│                                                          │",
        "│                                                          │",
        "│                                                          │",
        "│                                                          │",
        "│                                                          │",
        "│↑↓ scroll · PgUp/PgDn page · c copy · / find · n next · N │",
        "└──────────────────────────────────────────────────────────┘",
    ],
    styles: [
        x: 0, y: 0, fg: Red, bg: Reset, underline: Reset, modifier: BOLD,
        x: 1, y: 1, fg: DarkGray, bg: Reset, underline: Reset, modifier: NONE,
        x: 12, y: 1, fg: Reset, bg: Reset, underline: Reset, modifier: NONE,
        x: 59, y: 1, fg: Red, bg: Reset, underline: Reset, modifier: BOLD,
        x: 1, y: 2, fg: Reset, bg: Reset, underline: Reset, modifier: NONE,
        x: 59, y: 2, fg: Red, bg: Reset, underline: Reset, modifier: BOLD,
        x: 1, y: 3, fg: DarkGray, bg: Reset, underline: Reset, modifier: NONE,
        x: 9, y: 3, fg: Reset, bg: Reset, underline: Reset, modifier: NONE,
        x: 13, y: 3, fg: DarkGray, bg: Reset, underline: Reset, modifier: NONE,
        x: 20, y: 3, fg: Reset, bg: Reset, underline: Reset, modifier: NONE,
        x: 59, y: 3, fg: Red, bg: Reset, underline: Reset, modifier: BOLD,
        x: 1, y: 4, fg: Reset, bg: Reset, underline: Reset, modifier: UNDERLINED,
        x: 11, y: 4, fg: Reset, bg: Reset, underline: Reset, modifier: NONE,
        x: 59, y: 4, fg: Red, bg: Reset, underline: Reset, modifier: BOLD,
        x: 1, y: 5, fg: Reset, bg: Reset, underline: Reset, modifier: NONE,
        x: 7, y: 5, fg: Reset, bg: Reset, underline: Reset, modifier: BOLD | UNDERLINED | REVERSED,
        x: 17, y: 5, fg: Reset, bg: Reset, underline: Reset, modifier: NONE,
        x: 59, y: 5, fg: Red, bg: Reset, underline: Reset, modifier: BOLD,
        x: 1, y: 6, fg: Reset, bg: Reset, underline: Reset, modifier: UNDERLINED,
        x: 11, y: 6, fg: Reset, bg: Reset, underline: Reset, modifier: NONE,
        x: 59, y: 6, fg: Red, bg: Reset, underline: Reset, modifier: BOLD,
        x: 1, y: 7, fg: Reset, bg: Reset, underline: Reset, modifier: NONE,
        x: 59, y: 7, fg: Red, bg: Reset, underline: Reset, modifier: BOLD,
        x: 1, y: 8, fg: Reset, bg: Reset, underline: Reset, modifier: NONE,
        x: 59, y: 8, fg: Red, bg: Reset, underline: Reset, modifier: BOLD,
        x: 1, y: 9, fg: Reset, bg: Reset, underline: Reset, modifier: NONE,
        x: 59, y: 9, fg: Red, bg: Reset, underline: Reset, modifier: BOLD,
        x: 1, y: 10, fg: Reset, bg: Reset, underline: Reset, modifier: NONE,
        x: 59, y: 10, fg: Red, bg: Reset, underline: Reset, modifier: BOLD,
        x: 1, y: 11, fg: Reset, bg: Reset, underline: Reset, modifier: NONE,
        x: 59, y: 11, fg: Red, bg: Reset, underline: Reset, modifier: BOLD,
        x: 1, y: 12, fg: Reset, bg: Reset, underline: Reset, modifier: NONE,
        x: 59, y: 12, fg: Red, bg: Reset, underline: Reset, modifier: BOLD,
        x: 1, y: 13, fg: DarkGray, bg: Reset, underline: Reset, modifier: NONE,
        x: 59, y: 13, fg: Red, bg: Reset, underline: Reset, modifier: BOLD,
    ]
}
