---
source: src/view/overview/render/mod.rs
expression: render_to_string(&state.overview)
---
"┌ Components ──────────────────────────────────────────────────────────────────────────────────────┐"
"│  Process groups         5    all in sync   INPUTS     2  OUTPUTS    1                            │"
"│  Processors            46    RUNNING   42  STOPPED    3  INVALID    0  DISABLED   1              │"
"│  Controller services    ?    cs list unavailable                                                 │"
"└──────────────────────────────────────────────────────────────────────────────────────────────────┘"
"┌ Nodes (1/2 connected) ───────────────────────────────────────────────────────────────────────────┐"
"│ [PC]    node1:8080  —                heap ██░░░  50% gc   50ms (+0)  load 0.38  1.5              │"
"│ [DIS]   node2:8080  —                heap ─── ───    gc ───          load ───                    │"
"│         repositories                 cont ███░░  60% ff  █░░░░  30%  prov ░░░░  20%              │"
"└──────────────────────────────────────────────────────────────────────────────────────────────────┘"
"┌ Bulletins / min ───────────────────────────────┐┌ Noisy components ──────────────────────────────┐"
"│15m  no bulletins                               ││cnt  source                             worst   │"
"│                                                ││     no bulletins yet                           │"
"│                                                ││                                                │"
"│                                                ││                                                │"
"│                                                ││                                                │"
"└────────────────────────────────────────────────┘└────────────────────────────────────────────────┘"
"┌ Unhealthy queues ────────────────────────────────────────────────────────────────────────────────┐"
"│fill  queue                             src → dst                                         ffiles  │"
"│                                        no queues reported yet                                    │"
"│                                                                                                  │"
"│                                                                                                  │"
"│                                                                                                  │"
"│                                                                                                  │"
"└──────────────────────────────────────────────────────────────────────────────────────────────────┘"
