---
source: src/view/overview/render/node_detail.rs
expression: "format!(\"{}\", term.backend())"
---
"                                                                                                              "
"                                                                                                              "
"                                                                                                              "
"     ┌ node2.nifi:8443 ────────────────────────────────────────────────────────────────────────────────┐      "
"     │   [PC]  CONNECTED    Primary · Coordinator            heartbeat 3s ago                          │      "
"     │  node_id  5f2b8a17-1234-1234-1234-c394e97c3000           joined  04/22/2026 09:12:04 UTC        │      "
"     │─────────────────────────────────────────────────────────────────────────────────────────────────│      "
"     │  Resources                                   Repositori                                         │      "
"     │    heap     ███░░   60%                      content    /data/c1  ██░░    62%  118 GB / 190 GB  │      "
"     │    load     1.24   (0.31 / core)             content    /data/c2  █░░░    41%  78.0 GB / 190 GB │      "
"     │    threads  JVM 104   NiFi 42                flowfile   /data/ff  ░░░░    18%  9.0 GB / 50.0 GB │      "
"     │    queued   1234 ff · 456 MB                 provenance /data/p1  ██░░    62%  124 GB / 200 GB  │      "
"     │    uptime   2h 30m                                                                              │      "
"     │                                                                                                 │      "
"     │                                                                                                 │      "
"     │─────────────────────────────────────────────────────────────────────────────────────────────────│      "
"     │  Events                                           GC collector                 count    millis  │      "
"     │  10:14:03 CONNECTED                                    G1 Young Generation     10       50ms    │      "
"     │  10:13:44 HEARTBEAT_RECEIVED                           G1 Old Generation       2        120ms   │      "
"     │  09:12:04 DISCONNECTED                                                                          │      "
"     │  09:11:58 CONNECTION_REQUESTED                                                                  │      "
"     │                                                                                                 │      "
"     │                                                                                                 │      "
"     │                                                                                                 │      "
"     └─────────────────────────────────────────────────────────────────────────────────────────────────┘      "
"                                                                                                              "
"                                                                                                              "
"                                                                                                              "
