---
source: src/view/overview/render/node_detail.rs
expression: "format!(\"{}\", term.backend())"
---
"                                                                                                              "
"                                                                                                              "
"                                                                                                              "
"     ┌ node3.nifi:8443 ────────────────────────────────────────────────────────────────────────────────┐      "
"     │   [DIS]  DISCONNECTED                heartbeat 5m ago                                           │      "
"     │  node_id  8a2f3b1c-...-aaaa           joined  04/22/2026 08:00:00 UTC                           │      "
"     │─────────────────────────────────────────────────────────────────────────────────────────────────│      "
"     │  Resources                                   Repositori                                         │      "
"     │    heap     ░░░░░    0%                                                                         │      "
"     │    load     —                                                                                   │      "
"     │    threads  JVM 0   NiFi 0                                                                      │      "
"     │    queued   0 ff · 0 B                                                                          │      "
"     │    uptime   —                                                                                   │      "
"     │                                                                                                 │      "
"     │                                                                                                 │      "
"     │─────────────────────────────────────────────────────────────────────────────────────────────────│      "
"     │  Events                                           GC collector                 count    millis  │      "
"     │  10:05:00 DISCONNECTED                                                                          │      "
"     │  09:59:00 HEARTBEAT_RECEIVED                                                                    │      "
"     │                                                                                                 │      "
"     │                                                                                                 │      "
"     │                                                                                                 │      "
"     │                                                                                                 │      "
"     │                                                                                                 │      "
"     └─────────────────────────────────────────────────────────────────────────────────────────────────┘      "
"                                                                                                              "
"                                                                                                              "
"                                                                                                              "
