---
source: src/view/overview/render/reporting_tasks_modal.rs
expression: "format!(\"{}\", term.backend())"
---
"┌ Reporting tasks · context: prod-cluster ─────────────────────────────────────────────────────────┐"
"│                                                                                                  │"
"│                                                                                                  │"
"│                                                                                                  │"
"│                                                                                                  │"
"│                                                                                                  │"
"│                                                                                                  │"
"│                                                                                                  │"
"│                                                                                                  │"
"│                                                                                                  │"
"│                                                                                                  │"
"│                                                                                                  │"
"│                                                                                                  │"
"│                                                                                                  │"
"│                        failed to load reporting tasks · connection refused                       │"
"│                                                                                                  │"
"│                                                                                                  │"
"│                                                                                                  │"
"│                                                                                                  │"
"│                                                                                                  │"
"│                                                                                                  │"
"│                                                                                                  │"
"│                                                                                                  │"
"│                                                                                                  │"
"│                                                                                                  │"
"│                                                                                                  │"
"│                                                                                                  │"
"│                                                                                                  │"
"│[Esc] close · [/] find · [c] copy · [r] refresh                                                   │"
"└──────────────────────────────────────────────────────────────────────────────────────────────────┘"
