---
source: src/view/overview/render/reporting_tasks_modal.rs
assertion_line: 802
expression: "format!(\"{}\", term.backend())"
---
"┌ Reporting tasks · context: dev ──────────────────────────────────────────────────────────────────┐"
"│┏ Tasks (1) ━━━━━━━━━━━━━━━━━━━━━━━━━━━┓┌ Identity ──────────────────────────────────────────────┐│"
"│┃! PrometheusPushTask   60s    2t   ⚠ 2┃│PrometheusPushTask                                      ││"
"│┃                                      ┃│org.apache.nifi.reporting.prometheus.PrometheusPushRepo…││"
"│┃                                      ┃│id  task-full-001                                       ││"
"│┃                                      ┃│state               RUNNING  period  60s                ││"
"│┃                                      ┃│threads  2                                              ││"
"│┃                                      ┃└────────────────────────────────────────────────────────┘│"
"│┃                                      ┃┌ Properties (3) ────────────────────────────────────────┐│"
"│┃                                      ┃│KEY                          VALUE                      ││"
"│┃                                      ┃│API Password                 [sensitive]                ││"
"│┃                                      ┃│Endpoint URL                 https://metrics.example.com││"
"│┃                                      ┃│Metric Prefix                #{env_prefix}.nifi →       ││"
"│┃                                      ┃│                                                        ││"
"│┃                                      ┃│                                                        ││"
"│┃                                      ┃│                                                        ││"
"│┃                                      ┃│                                                        ││"
"│┃                                      ┃│                                                        ││"
"│┃                                      ┃└────────────────────────────────────────────────────────┘│"
"│┃                                      ┃┌ Validation errors (2) ─────────────────────────────────┐│"
"│┃                                      ┃│Endpoint URL must use HTTPS scheme                      ││"
"│┃                                      ┃│API Password is required                                ││"
"│┃                                      ┃└────────────────────────────────────────────────────────┘│"
"│┃                                      ┃┌ Recent bulletins (2) ──────────────────────────────────┐│"
"│┃                                      ┃│05/01/2026 10:00:05  WARNING  Retry attempt 2 of 3      ││"
"│┃                                      ┃│05/01/2026 10:00:00  ERROR    Connection refused to metr││"
"│┃                                      ┃│                                                        ││"
"│┗━━━━━━━━━━━━━━━━━━━━━━━━━━━━━━━━━━━━━━┛└────────────────────────────────────────────────────────┘│"
"│[Esc] close · [/] find · [c] copy · [r] refresh                                                   │"
"└──────────────────────────────────────────────────────────────────────────────────────────────────┘"
