---
source: src/view/overview/render/reporting_tasks_modal.rs
expression: "format!(\"{}\", term.backend())"
---
"┌ Reporting tasks · context: prod-cluster ─────────────────────────────────────────────────────────┐"
"│┏ Tasks (5) ━━━━━━━━━━━━━━━━━━━━━━━━━━━┓┌ Detail ────────────────────────────────────────────────┐│"
"│┃● PrometheusReporting… 30s    1t   ✓  ┃│PrometheusReportingTask                                 ││"
"│┃● S2S Bulletin Report… 1m     0t   ✓  ┃│org.apache.nifi.reporting.prometheus.PrometheusReportin…││"
"│┃○ MonitorMemory        5m     0t   ✓  ┃│id  id-1                                                ││"
"│┃! MonitorDiskUsage     5m     0t   ⚠ 2┃│                                                        ││"
"│┃○ StatusHistoryReport… 30s    0t   ✓  ┃│Scheduling                                              ││"
"│┃                                      ┃│  strategy            TIMER_DRIVEN                      ││"
"│┃                                      ┃│  period              30s                               ││"
"│┃                                      ┃│  state               RUNNING                           ││"
"│┃                                      ┃│  active threads      1                                 ││"
"│┃                                      ┃│                                                        ││"
"│┃                                      ┃│Recent bulletins (0)                                    ││"
"│┃                                      ┃│  no bulletins in ring buffer                           ││"
"│┃                                      ┃│                                                        ││"
"│┃                                      ┃│                                                        ││"
"│┃                                      ┃│                                                        ││"
"│┃                                      ┃│                                                        ││"
"│┃                                      ┃│                                                        ││"
"│┃                                      ┃│                                                        ││"
"│┃                                      ┃│                                                        ││"
"│┃                                      ┃│                                                        ││"
"│┃                                      ┃│                                                        ││"
"│┃                                      ┃│                                                        ││"
"│┃                                      ┃│                                                        ││"
"│┃                                      ┃│                                                        ││"
"│┃                                      ┃│                                                        ││"
"│┗━━━━━━━━━━━━━━━━━━━━━━━━━━━━━━━━━━━━━━┛└────────────────────────────────────────────────────────┘│"
"│[Esc] close · [/] find · [c] copy · [r] refresh                                                   │"
"└──────────────────────────────────────────────────────────────────────────────────────────────────┘"
