---
source: src/view/overview/render/mod.rs
assertion_line: 888
expression: render_to_string(&state)
---
"┌ Components ──────────────────────────────────────────────────────────────────────────────────────┐"
"│  Process groups         7    STALE      1  MODIFIED   2  SYNC-ERR   0  INPUTS     2  OUTPUTS    1│"
"│  Processors            46    RUNNING   42  STOPPED    3  INVALID    0  DISABLED   1              │"
"│  Controller services   12    ENABLED   12  DISABLED   0  INVALID    0                            │"
"└──────────────────────────────────────────────────────────────────────────────────────────────────┘"
"┌ Nodes ───────────────────────────────────────────────────────────────────────────────────────────┐"
"│  loading system diagnostics…                                                                     │"
"│                                                                                                  │"
"└──────────────────────────────────────────────────────────────────────────────────────────────────┘"
"┌ Bulletins / min ───────────────────────────────┐┌ Noisy components ──────────────────────────────┐"
"│15m  no bulletins                               ││cnt  source                             worst   │"
"│                                                ││     no bulletins yet                           │"
"│                                                ││                                                │"
"│                                                ││                                                │"
"│                                                ││                                                │"
"└────────────────────────────────────────────────┘└────────────────────────────────────────────────┘"
"┌ Unhealthy queues ────────────────────────────────────────────────────────────────────────────────┐"
"│fill  queue                             src → dst                                         ffiles  │"
"│                                        no queues reported yet                                    │"
"│                                                                                                  │"
"│                                                                                                  │"
"│                                                                                                  │"
"│                                                                                                  │"
"│                                                                                                  │"
"└──────────────────────────────────────────────────────────────────────────────────────────────────┘"
