---
source: src/view/overview/render/reporting_tasks_modal.rs
expression: "format!(\"{}\", term.backend())"
---
"┌ Reporting tasks · context: dev ──────────────────────────────────────────────────────────────────┐"
"│                                                                                                  │"
"│                                                                                                  │"
"│                                                                                                  │"
"│                                                                                                  │"
"│                                                                                                  │"
"│                                                                                                  │"
"│                                                                                                  │"
"│                                                                                                  │"
"│                                                                                                  │"
"│                                                                                                  │"
"│                                                                                                  │"
"│                                                                                                  │"
"│                                                                                                  │"
"│                                             loading…                                             │"
"│                                                                                                  │"
"│                                                                                                  │"
"│                                                                                                  │"
"│                                                                                                  │"
"│                                                                                                  │"
"│                                                                                                  │"
"│                                                                                                  │"
"│                                                                                                  │"
"│                                                                                                  │"
"│                                                                                                  │"
"│                                                                                                  │"
"│                                                                                                  │"
"│                                                                                                  │"
"│[Esc] close · [/] find · [c] copy · [r] refresh                                                   │"
"└──────────────────────────────────────────────────────────────────────────────────────────────────┘"
