---
source: src/view/overview/render/node_detail.rs
expression: "format!(\"{}\", term.backend())"
---
"                                                                                                              "
"     ┌ nifi:8443 ──────────────────────────────────────────────────────────────────────────────────────┐      "
"     │  standalone node                                                                                │      "
"     │                                                                                                 │      "
"     │  cert     — fetching                                                                            │      "
"     │─────────────────────────────────────────────────────────────────────────────────────────────────│      "
"     │  Resources                                   Repositori                                         │      "
"     │    heap     ██░░░   52%                      content    c         ██░░    60%  60 B / 100 B     │      "
"     │    load     1.50   (0.38 / core)             flowfile   f         █░░░    30%  30 B / 100 B     │      "
"     │    threads  JVM 50   NiFi —                  provenance p         ░░░░    20%  20 B / 100 B     │      "
"     │    queued   —                                                                                   │      "
"     │    uptime   2h 30m                                                                              │      "
"     │                                                                                                 │      "
"     │                                                                                                 │      "
"     │                                                                                                 │      "
"     │                                                                                                 │      "
"     │─────────────────────────────────────────────────────────────────────────────────────────────────│      "
"     │  GC collector                                                                  count    millis  │      "
"     │       G1 Young                                                                 10       50ms    │      "
"     │       G1 Old                                                                   2        120ms   │      "
"     │                                                                                                 │      "
"     │                                                                                                 │      "
"     │                                                                                                 │      "
"     │                                                                                                 │      "
"     │                                                                                                 │      "
"     │                                                                                                 │      "
"     └─────────────────────────────────────────────────────────────────────────────────────────────────┘      "
"                                                                                                              "
