---
source: src/view/health/render.rs
expression: snap(&state)
---
"  ● Queues            0    │┌──────────────────────────────────────────────────────────────────────────────────────────┐"
"  ● Repositories   ▸  2    ││> [C] content-1           [███████████░░░░]    Node                  Used / Total        F│"
"  ● Nodes             0    ││      56.3 GB / 72.2 GB · free 15.8 GB         nifi-node-1:8443       27.9 GB / 37.3 GB   │"
"  ● Processors        0    ││  [C] content-2           [███░░░░░░░░░░░░]    nifi-node-2:8443       28.4 GB / 34.9 GB   │"
"                           ││      9.3 GB / 46.6 GB · free 37.3 GB                                                     │"
"                           ││  [F] flowfile-repo       [██████████████░]                                               │"
"                           ││      88.5 GB / 93.1 GB · free 4.7 GB                                                     │"
"                           ││                                                                                          │"
"                           ││                                                                                          │"
"                           ││                                                                                          │"
"                           ││                                                                                          │"
"                           ││                                                                                          │"
"                           ││                                                                                          │"
"                           ││                                                                                          │"
"                           ││                                                                                          │"
"                           ││                                                                                          │"
"                           ││                                                                                          │"
"                           ││                                                                                          │"
"                           ││                                                                                          │"
"                           ││                                                                                          │"
"                           ││                                                                                          │"
"                           ││                                                                                          │"
"                           ││                                                                                          │"
"                           ││                                                                                          │"
"                           ││                                                                                          │"
"                           ││                                                                                          │"
"                           ││                                                                                          │"
"                           ││                                                                                          │"
"      fetched 0s ago       ││                                                                                          │"
"    1-4 select · ? help    │└──────────────────────────────────────────────────────────────────────────────────────────┘"
