---
source: src/view/overview/render.rs
expression: render_to_string(&state)
---
"┌ Overview ────────────────────────────────────────────────────────────────────────────────────────┐"
"│NiFi   version 2.8.0   flowfiles queued 120                                                       │"
"│running 42  stopped 3  invalid 0  disabled 1  threads 5                                           │"
"│bulletins/min (last 15 min, worst Unknown)                                                        │"
"│                                                                                                  │"
"│                                                                                                  │"
"│                                                                                                  │"
"│┌ Unhealthy queues ───────────────────────────────────────┐┌ Noisy components ───────────────────┐│"
"││fill  queue            src → dst                 ffiles  ││count  source                worst   ││"
"││ 12%  ingest → enrich  Generate → Enrich         40      ││no bul                               ││"
"││                                                         ││                                     ││"
"││                                                         ││                                     ││"
"││                                                         ││                                     ││"
"││                                                         ││                                     ││"
"││                                                         ││                                     ││"
"││                                                         ││                                     ││"
"││                                                         ││                                     ││"
"││                                                         ││                                     ││"
"││                                                         ││                                     ││"
"││                                                         ││                                     ││"
"││                                                         ││                                     ││"
"││                                                         ││                                     ││"
"││                                                         ││                                     ││"
"│└─────────────────────────────────────────────────────────┘└─────────────────────────────────────┘│"
"└──────────────────────────────────────────────────────────────────────────────────────────────────┘"
