---
source: src/view/overview/render.rs
expression: render_to_string(&state)
---
"┌ Overview ────────────────────────────────────────────────────────────────────────────────────────┐"
"│loading cluster identity…                                                                         │"
"│loading component counts…                                                                         │"
"│bulletins/min (last 15 min, worst Unknown)                                                        │"
"│                                                                                                  │"
"│                                                                                                  │"
"│                                                                                                  │"
"│┌ Unhealthy queues ───────────────────────────────────────┐┌ Noisy components ───────────────────┐│"
"││fill  queue            src → dst                 ffiles  ││count  source                worst   ││"
"││                       no queues reported yet            ││       no bulletins yet              ││"
"││                                                         ││                                     ││"
"││                                                         ││                                     ││"
"││                                                         ││                                     ││"
"││                                                         ││                                     ││"
"││                                                         ││                                     ││"
"││                                                         ││                                     ││"
"││                                                         ││                                     ││"
"││                                                         ││                                     ││"
"││                                                         ││                                     ││"
"││                                                         ││                                     ││"
"││                                                         ││                                     ││"
"││                                                         ││                                     ││"
"││                                                         ││                                     ││"
"│└─────────────────────────────────────────────────────────┘└─────────────────────────────────────┘│"
"└──────────────────────────────────────────────────────────────────────────────────────────────────┘"
