---
source: src/view/overview/render.rs
expression: render_to_string(&state)
---
"┌ Overview ────────────────────────────────────────────────────────────────────────────────────────┐"
"│loading…                                                                                          │"
"│Nodes                                                                                             │"
"│  loading system diagnostics…                                                                     │"
"│                                                                                                  │"
"│Bulletins / min (15m, worst Unknown)             Noisy components (top 5)                         │"
"│                                                 cnt  source                              worst   │"
"│                                                      no bulletins yet                            │"
"│                                                                                                  │"
"│                                                                                                  │"
"│                                                                                                  │"
"│                                                                                                  │"
"│                                                                                                  │"
"│┌ Unhealthy queues ──────────────────────────────────────────────────────────────────────────────┐│"
"││fill  queue                            src → dst                                        ffiles  ││"
"││                                       no queues reported yet                                   ││"
"││                                                                                                ││"
"││                                                                                                ││"
"││                                                                                                ││"
"││                                                                                                ││"
"││                                                                                                ││"
"││                                                                                                ││"
"││                                                                                                ││"
"│└────────────────────────────────────────────────────────────────────────────────────────────────┘│"
"└──────────────────────────────────────────────────────────────────────────────────────────────────┘"
