---
source: src/view/overview/render.rs
expression: render_to_string(&state)
---
"┌ Overview ────────────────────────────────────────────────────────────────────────────────────────┐"
"│NiFi   version 2.8.0   flowfiles queued 50000                                                     │"
"│running 20  stopped 10  invalid 2  disabled 0  threads 17                                         │"
"│bulletins/min (last 15 min, worst Error)                                                          │"
"│              █                                                                                   │"
"│              █                                                                                   │"
"│              █                                                                                   │"
"│┌ Unhealthy queues ───────────────────────────────────────┐┌ Noisy components ───────────────────┐│"
"││fill  queue            src → dst                 ffiles  ││count  source                worst   ││"
"││ 99%  q0               Generate → Proc0          9000    ││2      Proc0                 Error   ││"
"││ 98%  q1               Generate → Proc1          9100    ││2      Proc1                 Error   ││"
"││ 97%  q2               Generate → Proc2          9200    ││2      Proc2                 Error   ││"
"││ 96%  q3               Generate → Proc3          9300    ││                                     ││"
"││ 95%  q4               Generate → Proc4          9400    ││                                     ││"
"││                                                         ││                                     ││"
"││                                                         ││                                     ││"
"││                                                         ││                                     ││"
"││                                                         ││                                     ││"
"││                                                         ││                                     ││"
"││                                                         ││                                     ││"
"││                                                         ││                                     ││"
"││                                                         ││                                     ││"
"││                                                         ││                                     ││"
"│└─────────────────────────────────────────────────────────┘└─────────────────────────────────────┘│"
"└──────────────────────────────────────────────────────────────────────────────────────────────────┘"
