---
source: src/view/overview/render.rs
expression: render_to_string(&state)
---
"┌ Processors ──────────────────────────────────────────────────────────────────────────────────────┐"
"│RUNNING 42   STOPPED 3   INVALID 0   DISABLED 1   THREADS 5                                       │"
"└──────────────────────────────────────────────────────────────────────────────────────────────────┘"
"┌ Nodes ───────────────────────────────────────────────────────────────────────────────────────────┐"
"│  loading system diagnostics…                                                                     │"
"│                                                                                                  │"
"└──────────────────────────────────────────────────────────────────────────────────────────────────┘"
"┌ Bulletins / min ───────────────────────────────┐┌ Noisy components ──────────────────────────────┐"
"│15m, worst Unknown                              ││cnt  source                             worst   │"
"│                                                ││     no bulletins yet                           │"
"│                                                ││                                                │"
"│                                                ││                                                │"
"│                                                ││                                                │"
"│                                                ││                                                │"
"│                                                ││                                                │"
"│                                                ││                                                │"
"└────────────────────────────────────────────────┘└────────────────────────────────────────────────┘"
"┌ Unhealthy queues ────────────────────────────────────────────────────────────────────────────────┐"
"│fill  queue                             src → dst                                         ffiles  │"
"│ 12%  ingest → enrich                   Generate → Enrich                                 40      │"
"│                                                                                                  │"
"│                                                                                                  │"
"│                                                                                                  │"
"│                                                                                                  │"
"└──────────────────────────────────────────────────────────────────────────────────────────────────┘"
