---
source: src/view/overview/render.rs
expression: "format!(\"{}\", term.backend())"
---
"                                                                                                    "
"                                                                                                    "
"                                                                                                    "
"                                                                                                    "
"                                                                                                    "
"                                                                                                    "
"                                                                                                    "
"          ┌ node1:8080 ──────────────────────────────────────────────────────────────────┐          "
"          │  heap     ██░░░   52%         GC                            count    millis  │          "
"          │  load     █▇░░░  1.5            G1 Young                    10       50ms    │          "
"          │  threads  50                    G1 Old                      2        120ms   │          "
"          │  uptime   2h 30m              ───────────────────────────────────────────────│          "
"          │                               Repositories                                   │          "
"          │                                 content                          ██░░    60% │          "
"          │                                 flowfile                         █░░░    30% │          "
"          │                                 provenance                       ░░░░    20% │          "
"          └──────────────────────────────────────────────────────────────────────────────┘          "
"                                                                                                    "
"                                                                                                    "
"                                                                                                    "
"                                                                                                    "
"                                                                                                    "
"                                                                                                    "
"                                                                                                    "
"                                                                                                    "
