---
source: src/view/overview/render.rs
expression: render_to_string(&state)
---
"┌ Processors ──────────────────────────────────────────────────────────────────────────────────────┐"
"│loading…                                                                                          │"
"└──────────────────────────────────────────────────────────────────────────────────────────────────┘"
"┌ Nodes ───────────────────────────────────────────────────────────────────────────────────────────┐"
"│  loading system diagnostics…                                                                     │"
"│                                                                                                  │"
"└──────────────────────────────────────────────────────────────────────────────────────────────────┘"
"┌ Bulletins / min ───────────────────────────────┐┌ Noisy components ──────────────────────────────┐"
"│15m, worst Unknown                              ││cnt  source                             worst   │"
"│                                                ││     no bulletins yet                           │"
"│                                                ││                                                │"
"│                                                ││                                                │"
"│                                                ││                                                │"
"│                                                ││                                                │"
"│                                                ││                                                │"
"│                                                ││                                                │"
"└────────────────────────────────────────────────┘└────────────────────────────────────────────────┘"
"┌ Unhealthy queues ────────────────────────────────────────────────────────────────────────────────┐"
"│fill  queue                             src → dst                                         ffiles  │"
"│                                        no queues reported yet                                    │"
"│                                                                                                  │"
"│                                                                                                  │"
"│                                                                                                  │"
"│                                                                                                  │"
"└──────────────────────────────────────────────────────────────────────────────────────────────────┘"
