---
source: src/widget/watch_strip.rs
assertion_line: 222
expression: "snapshot_render(&state, 4)"
---
"┌ Watch ─────────────────────────────────────── ✖ failed: submit returned 502 Bad Gateway: upstrea ┐"
"│  predicate filename =~ /^invoice-/                                                               │"
"│12.5 ev/s · 0/2000 buf · last 250 ms                                                              │"
"└──────────────────────────────────────────────────────────────────────────────────────────────────┘"
